22.09.2021 14:07:54     |       hrlllo
22.09.2021 14:08:04     |       helllo
22.09.2021 14:08:26     |       helllo
22.09.2021 14:08:29     |       helllo
22.09.2021 14:08:30     |       helllo
22.09.2021 14:08:31     |       helllo
22.09.2021 14:08:34     |       helllo
22.09.2021 14:08:34     |       helllo
22.09.2021 14:08:35     |       helllo
22.09.2021 14:08:36     |       helllo
22.09.2021 14:08:38     |       helllo
22.09.2021 14:08:40     |       helllo
22.09.2021 14:08:41     |       helllo
22.09.2021 14:08:49     |       helllo
22.09.2021 14:08:51     |       helllo
22.09.2021 14:08:55     |       helllo
